[startbootstrap.com/previews/sb-admin.html]
[backblue.gif]
[fade.gif]
[index.html]
[startbootstrap.com/favicon.png]
[assets.startbootstrap.com/img/icons/apple-touch-icon.png]
[assets.startbootstrap.com/img/icons/favicon-32x32.png]
[assets.startbootstrap.com/img/icons/favicon-16x16.png]
[startbootstrap.com/app-scripts/preload.js]
[connect.facebook.net/en_US/fbevents.js]
[pagead2.googlesyndication.com/pagead/js/f1e5b.txt]
[startbootstrap.com/styles.19e555e2fc527962.css]
[startbootstrap.com/runtime.78fe65772c8aff3e.js]
[startbootstrap.com/polyfills.f3824fe6dc0460ae.js]
[startbootstrap.com/scripts.cd816875f3dc91fb.js]
[startbootstrap.com/main.6700dedd9b90aef0.js]
[startbootstrap.com/previews/sb-admin.html]
[startbootstrap.com/cdn-cgi/challenge-platform/h/b/scripts/jsd/580ba44007a6/maind41d.js]
[startbootstrap.com/previews/a.html]
[startbootstrap.com/previews/POST.html]
[startbootstrap.com/previews/b.html]
[startbootstrap.com/signals/iwl.html]
[startbootstrap.com/previews/c.html]
[startbootstrap.com/previews/schema.org/index.html]
[connect.facebook.net/en_US/fbevents.js]
[startbootstrap.com/previews/c-2.html]
[startbootstrap.com/assets/fonts/metropolis/Metropolis-Thin.otf]
[startbootstrap.com/assets/fonts/metropolis/Metropolis-ThinItalic.otf]
[startbootstrap.com/assets/fonts/metropolis/Metropolis-ExtraLight.otf]
[startbootstrap.com/assets/fonts/metropolis/Metropolis-ExtraLightItalic.otf]
[startbootstrap.com/assets/fonts/metropolis/Metropolis-Light.otf]
[startbootstrap.com/assets/fonts/metropolis/Metropolis-LightItalic.otf]
[startbootstrap.com/assets/fonts/metropolis/Metropolis-Regular.otf]
[startbootstrap.com/assets/fonts/metropolis/Metropolis-RegularItalic.otf]
[startbootstrap.com/assets/fonts/metropolis/Metropolis-Medium.otf]
[startbootstrap.com/assets/fonts/metropolis/Metropolis-MediumItalic.otf]
[startbootstrap.com/assets/fonts/metropolis/Metropolis-SemiBold.otf]
[startbootstrap.com/assets/fonts/metropolis/Metropolis-SemiBoldItalic.otf]
[startbootstrap.com/assets/fonts/metropolis/Metropolis-Bold.otf]
[startbootstrap.com/assets/fonts/metropolis/Metropolis-BoldItalic.otf]
[startbootstrap.com/assets/fonts/metropolis/Metropolis-ExtraBold.otf]
[startbootstrap.com/assets/fonts/metropolis/Metropolis-ExtraBoldItalic.otf]
[startbootstrap.com/assets/fonts/metropolis/Metropolis-Black.otf]
[startbootstrap.com/styles.19e555e2fc527962.css]
[startbootstrap.com/previews/a.html]
[startbootstrap.com/previews/POST.html]
[startbootstrap.com/previews/schema.org/index.html]
[startbootstrap.com/previews/b.html]
[startbootstrap.com/signals/iwl.html]
[startbootstrap.com/previews/c.html]
[startbootstrap.com/previews/c-2.html]
[startbootstrap.com/assets/fonts/metropolis/Metropolis-BlackItalic.otf]
