[maraviyainfotech.com/index.html]
[backblue.gif]
[fade.gif]
[index.html]
[maraviyainfotech.com/landing-assets/img/favicon.png]
[pro.fontawesome.com/releases/v5.10.0/css/all.css]
[maraviyainfotech.com/landing-assets/css/bootstrap.css]
[maraviyainfotech.com/landing-assets/css/landing-style.css]
[maraviyainfotech.com/landing-assets/css/landing-responsive.css]
[maraviyainfotech.com/index-2.html]
[maraviyainfotech.com/landing-assets/img/logo.png]
[maraviyainfotech.com/landing-assets/img/logo-color.png]
[maraviyainfotech.com/landing-assets/img/about.png]
[maraviyainfotech.com/landing-assets/img/28.jpg]
[maraviyainfotech.com/landing-assets/img/1.jpg]
[maraviyainfotech.com/landing-assets/img/2.jpg]
[maraviyainfotech.com/landing-assets/img/27.jpg]
[maraviyainfotech.com/landing-assets/img/3.jpg]
[maraviyainfotech.com/landing-assets/img/4.jpg]
[maraviyainfotech.com/landing-assets/img/5.jpg]
[maraviyainfotech.com/landing-assets/img/6.jpg]
[maraviyainfotech.com/landing-assets/img/9.jpg]
[maraviyainfotech.com/landing-assets/img/10.jpg]
[maraviyainfotech.com/landing-assets/img/18.jpg]
[maraviyainfotech.com/landing-assets/img/19.jpg]
[maraviyainfotech.com/landing-assets/img/7.jpg]
[maraviyainfotech.com/landing-assets/img/8.jpg]
[maraviyainfotech.com/landing-assets/img/11.jpg]
[maraviyainfotech.com/landing-assets/img/12.jpg]
[maraviyainfotech.com/landing-assets/img/13.jpg]
[maraviyainfotech.com/landing-assets/img/14.jpg]
[maraviyainfotech.com/landing-assets/img/15.jpg]
[maraviyainfotech.com/landing-assets/img/16.jpg]
[maraviyainfotech.com/landing-assets/img/17.jpg]
[maraviyainfotech.com/landing-assets/img/20.jpg]
[maraviyainfotech.com/landing-assets/img/21.jpg]
[maraviyainfotech.com/landing-assets/img/22.jpg]
[maraviyainfotech.com/landing-assets/img/23.jpg]
[maraviyainfotech.com/landing-assets/img/24.jpg]
[maraviyainfotech.com/landing-assets/img/25.jpg]
[maraviyainfotech.com/landing-assets/img/26.jpg]
[maraviyainfotech.com/landing-assets/img/s-3.png]
[maraviyainfotech.com/landing-assets/img/s-4.png]
[maraviyainfotech.com/landing-assets/img/s-2.png]
[maraviyainfotech.com/landing-assets/img/s-1.png]
[maraviyainfotech.com/landing-assets/img/d.png]
[maraviyainfotech.com/landing-assets/img/p-1.png]
[maraviyainfotech.com/landing-assets/img/p-2.png]
[maraviyainfotech.com/landing-assets/img/p-3.png]
[maraviyainfotech.com/landing-assets/img/p-4.png]
[ajax.googleapis.com/ajax/libs/jquery/3.5.1/jquery.min.js]
[maraviyainfotech.com/landing-assets/js/typer.js]
[maraviyainfotech.com/landing-assets/js/mixitup.js]
[maraviyainfotech.com/index.html]
[pro.fontawesome.com/releases/v5.10.0/css/all.css]
[maraviyainfotech.com/landing-assets/js/landing-script.js]
[maraviyainfotech.com/landing-assets/css/bootstrap.css]
[maraviyainfotech.com/landing-assets/img/background-2.png]
[maraviyainfotech.com/landing-assets/img/l-12.png]
[maraviyainfotech.com/landing-assets/img/home.png]
[maraviyainfotech.com/landing-assets/img/shop1.png]
[maraviyainfotech.com/landing-assets/img/blog3.png]
[maraviyainfotech.com/landing-assets/img/product3.png]
[maraviyainfotech.com/landing-assets/img/cart.png]
[maraviyainfotech.com/landing-assets/img/blog2.png]
[maraviyainfotech.com/landing-assets/img/contact.png]
[maraviyainfotech.com/landing-assets/img/circle-1.png]
[maraviyainfotech.com/landing-assets/img/circle-2.png]
[maraviyainfotech.com/landing-assets/img/circle-4.png]
[maraviyainfotech.com/landing-assets/img/circle-3.png]
[maraviyainfotech.com/landing-assets/img/section-bg.png]
[maraviyainfotech.com/landing-assets/img/label.png]
[maraviyainfotech.com/landing-assets/css/landing-style.css]
[maraviyainfotech.com/landing-assets/css/landing-responsive.css]
[maraviyainfotech.com/index-2.html]
[maraviyainfotech.com/landing-assets/js/typer.js]
[maraviyainfotech.com/landing-assets/js/mixitup.js]
[maraviyainfotech.com/landing-assets/js/landing-script.js]
[maraviyainfotech.com/landing-assets/img/home.html]
[maraviyainfotech.com/landing-assets/img/shop1.html]
[maraviyainfotech.com/landing-assets/img/blog3.html]
[maraviyainfotech.com/landing-assets/img/product3.html]
[maraviyainfotech.com/landing-assets/img/cart.html]
[maraviyainfotech.com/landing-assets/img/blog2.html]
[maraviyainfotech.com/landing-assets/img/contact.html]
[maraviyainfotech.com/landing-assets/img/circle-1.html]
[maraviyainfotech.com/landing-assets/img/circle-2.html]
[maraviyainfotech.com/landing-assets/img/circle-4.html]
[maraviyainfotech.com/landing-assets/img/circle-3.html]
